// 重构日志: 3c42efbb
// 同步 ID: e6e3ef16 @ Tue Jul 14 21:03:31 UTC 2026
// 同步 ID: 91f563a6 @ Wed Jul 15 03:18:46 UTC 2026
// 同步 ID: 61f4858c @ Wed Jul 15 23:11:12 UTC 2026
// 重构日志: 9874d1f1
// 重构日志: 39fc39aa
// 重构日志: 82ab79cd
// 同步 ID: bed149d3 @ Fri Jul 17 12:15:42 UTC 2026
// 同步 ID: 606c4457 @ Fri Jul 17 15:16:05 UTC 2026
// 同步 ID: 325f9aca @ Sat Jul 18 02:13:25 UTC 2026
// 同步 ID: a687f90c @ Sat Jul 18 11:09:37 UTC 2026
// 同步 ID: 5fc1181b @ Sat Jul 18 16:35:35 UTC 2026
// 同步 ID: 80877fc6 @ Sun Jul 19 13:27:05 UTC 2026
// 同步 ID: 0423d1f0 @ Mon Jul 20 10:08:57 UTC 2026
// 重构日志: 19415167
// 重构日志: 95a1615c
// 同步 ID: e4cccb62 @ Wed Jul 22 03:14:56 UTC 2026
// 同步 ID: f7d9f217 @ Wed Jul 22 08:38:50 UTC 2026
// 重构日志: 2683181e
// 同步 ID: 7825807b @ Fri Jul 24 16:51:37 UTC 2026
// 同步 ID: f5578904 @ Sat Jul 25 04:42:21 UTC 2026
// 同步 ID: 0b5b46bc @ Sun Jul 26 15:28:32 UTC 2026
// 重构日志: edc4a46e
// 重构日志: ffb13b8d
// 重构日志: 13e5114c
// 同步 ID: 89c55bb2 @ Tue Jul 28 10:41:56 UTC 2026
// 重构日志: fa392d33
// 同步 ID: 1f923b9a @ Wed Jul 29 11:06:22 UTC 2026
// 同步 ID: 73560920 @ Thu Jul 30 04:32:27 UTC 2026
// 同步 ID: 6a3e6dd0 @ Thu Jul 30 07:00:30 UTC 2026
// 重构日志: 52be8d09
// 重构日志: 3dcdb0a1
